Archive member included to satisfy reference by file (symbol)

c:/users/torbo/onedrive/documents/my-documents/coding/python/code injection toolchain/prereq/devkitppc/bin/../lib/gcc/powerpc-eabi/12.1.0\libgcc.a(crtresxgpr.o)
                              main.o (_restgpr_26_x)

Discarded input sections

 .comment       0x0000000000000000       0x24 main.o
 .eh_frame      0x0000000000000000      0x118 main.o
 .gnu.attributes
                0x0000000000000000       0x10 main.o
 .eh_frame      0x0000000000000000       0x7c c:/users/torbo/onedrive/documents/my-documents/coding/python/code injection toolchain/prereq/devkitppc/bin/../lib/gcc/powerpc-eabi/12.1.0\libgcc.a(crtresxgpr.o)

Memory Configuration

Name             Origin             Length             Attributes
MainCodecave     0x00000000803d8fb0 0x0000000000002010
AutoHook         0x0000000080222244 0x0000000000100000
*default*        0x0000000000000000 0xffffffffffffffff

Linker script and memory map

LOAD main.o
LOAD main_hook.o
LOAD c:/users/torbo/onedrive/documents/my-documents/coding/python/code injection toolchain/prereq/devkitppc/bin/../lib/gcc/powerpc-eabi/12.1.0\libgcc.a
START GROUP
LOAD c:/users/torbo/onedrive/documents/my-documents/coding/python/code injection toolchain/prereq/devkitppc/bin/../lib/gcc/powerpc-eabi/12.1.0/../../../../powerpc-eabi/lib\libsysbase.a
LOAD c:/users/torbo/onedrive/documents/my-documents/coding/python/code injection toolchain/prereq/devkitppc/bin/../lib/gcc/powerpc-eabi/12.1.0/../../../../powerpc-eabi/lib\libc.a
END GROUP
LOAD c:/users/torbo/onedrive/documents/my-documents/coding/python/code injection toolchain/prereq/devkitppc/bin/../lib/gcc/powerpc-eabi/12.1.0\libgcc.a
LOAD ../../../.config/symbols/symbols.txt
                0x0000000080001234                game_symbol = 0x80001234
                0x0000000080232df0                GetSpyroMap = 0x80232df0
                0x0000000080165628                SpinGem = 0x80165628
                0x000000008012f72c                DrawText = 0x8012f72c
                0x0000000012345678                gems = 0x12345678
LOAD ../../../.config/symbols/function_symbols.txt
                0x0000000080005678                GameFunction = 0x80005678
LOAD ../../../.config/symbols/auto_symbols.txt
                0x000000008066aad0                current_buttons = 0x8066aad0
                0x00000000804cb35c                gpPlayer = 0x804cb35c
                0x00000000804cb360                gpPlayerItem = 0x804cb360
                0x00000000803592a8                InGamePrintf = 0x803592a8
                0x0000000080259af8                InGameSPrintf = 0x80259af8
                0x000000008005b63c                Player_ForceModeChange = 0x8005b63c
                0x00000000800e1b6c                gCreatePickup = 0x800e1b6c
                0x000000008015500c                gCreateLightGem = 0x8015500c
                0x000000008046f374                gGameLoop_m_pPanel = 0x8046f374
                0x00000000804cb3cc                gpGameWnd = 0x804cb3cc
                0x00000000804cb3d0                gpPanelWnd = 0x804cb3d0
                0x00000000804cb3d4                gpPanelXWnd = 0x804cb3d4
                0x0000000080222d58                GUI_GameText_Print = 0x80222d58
                0x0000000080302710                BaseWnd_DebugPrint = 0x80302710
                0x000000008012f72c                XWnd_TextPrint = 0x8012f72c
                0x000000008012f8dc                XWnd_SetText = 0x8012f8dc
                0x00000000801a5e14                CreateGUI_Item = 0x801a5e14
                0x00000000801a9ee8                GUI_Item_DrawText = 0x801a9ee8
                0x000000008023e644                GoToMap = 0x8023e644
                0x0000000080232df0                GetSpyroMap = 0x80232df0
                0x000000008046ee54                gMapList = 0x8046ee54
                0x0000000080455c1c                gGameText = 0x80455c1c
                0x000000008012df2c                GetText = 0x8012df2c

.eh_frame_hdr   0x0000000000000000        0x0
 .eh_frame_hdr  0x0000000000000000        0x0 main.o

.sdata2         0x00000000803d8fb0        0x0
 .sdata2        0x00000000803d8fb0        0x0 main.o

.AutoHook       0x0000000080222244        0x4
 main_hook.o(.text)
 .text          0x0000000080222244        0x4 main_hook.o
 main_hook.o(.rodata)
 main_hook.o(.rodata*)
 main_hook.o(.data)
 .data          0x0000000080222248        0x0 main_hook.o
 main_hook.o(.bss)
 .bss           0x0000000080222248        0x0 main_hook.o

.MainCodecave   0x00000000803d8fb0      0x2d8
 main.o(.text)
 .text          0x00000000803d8fb0      0x238 main.o
                0x00000000803d8fb0                getGenericStructLong
                0x00000000803d8fb8                getGenericStructFloat
                0x00000000803d8fc0                getGenericStructInt
                0x00000000803d8fc8                IsButtonsJustPressed
                0x00000000803d9018                IsButtonsHeldDown
                0x00000000803d9030                IsButtonsHeldDown2
                0x00000000803d9050                IsButtonsHeldDown3
                0x00000000803d906c                drawGUIText
                0x00000000803d9104                printMap
                0x00000000803d9108                MainHook
 main.o(.rodata)
 main.o(.rodata*)
 .rodata.str1.1
                0x00000000803d91e8       0x2c main.o
 main.o(.data)
 .data          0x00000000803d9214       0x10 main.o
                0x00000000803d9214                mapInfoRect
 main.o(.bss)
 .bss           0x00000000803d9224        0x4 main.o
 main.o(.sdata)
 .sdata         0x00000000803d9228        0x4 main.o
                0x00000000803d9228                color_white
                0x00000000803e1228                _SDA_BASE_
 .sdata         0x00000000803d922c        0x0 main.o
 main.o(.sbss)
 .sbss          0x00000000803d922c        0x4 main.o
                0x00000000803d922c                textGUI
 main.o(.scommon)
 main.o(.main.o.*)
 *(.text)
 .text          0x00000000803d9230       0x58 c:/users/torbo/onedrive/documents/my-documents/coding/python/code injection toolchain/prereq/devkitppc/bin/../lib/gcc/powerpc-eabi/12.1.0\libgcc.a(crtresxgpr.o)
                0x00000000803d9230                _restgpr_14_x
                0x00000000803d9234                _restgpr_15_x
                0x00000000803d9238                _restgpr_16_x
                0x00000000803d923c                _restgpr_17_x
                0x00000000803d9240                _restgpr_18_x
                0x00000000803d9244                _restgpr_19_x
                0x00000000803d9248                _restgpr_20_x
                0x00000000803d924c                _restgpr_21_x
                0x00000000803d9250                _restgpr_22_x
                0x00000000803d9254                _restgpr_23_x
                0x00000000803d9258                _restgpr_24_x
                0x00000000803d925c                _restgpr_25_x
                0x00000000803d9260                _restgpr_26_x
                0x00000000803d9264                _restgpr_27_x
                0x00000000803d9268                _restgpr_28_x
                0x00000000803d926c                _restgpr_29_x
                0x00000000803d9270                _restgpr_30_x
                0x00000000803d9274                _restgpr_31_x
 *(.branch_lt)
 .branch_lt     0x00000000803d9288        0x0 main.o

.data           0x00000000803d9288        0x0
 .data          0x00000000803d9288        0x0 c:/users/torbo/onedrive/documents/my-documents/coding/python/code injection toolchain/prereq/devkitppc/bin/../lib/gcc/powerpc-eabi/12.1.0\libgcc.a(crtresxgpr.o)

.glink          0x00000000803d9288        0x0
 .glink         0x00000000803d9288        0x0 main.o

.rela.dyn       0x00000000803d9288        0x0
 .rela.iplt     0x00000000803d9288        0x0 main.o
 .rela.text     0x00000000803d9288        0x0 main.o

.iplt           0x00000000803d9290        0x0
 .iplt          0x00000000803d9290        0x0 main.o

.bss            0x00000000803d9288        0x0
 .bss           0x00000000803d9288        0x0 c:/users/torbo/onedrive/documents/my-documents/coding/python/code injection toolchain/prereq/devkitppc/bin/../lib/gcc/powerpc-eabi/12.1.0\libgcc.a(crtresxgpr.o)

/DISCARD/
 *(.comment)
 *(.pdr)
 *(.mdebug)
 *(.reginfo)
 *(.MIPS.abiflags)
 *(.eh_frame)
 *(.gnu.attributes)
OUTPUT(../elf_files/MyMod.elf elf32-powerpc)
